Flow report for MAST_CTR
Tue Jan 14 15:45:31 2020
Quartus II Version 9.1 Build 350 03/24/2010 Service Pack 2 SJ Full Version


---------------------
; Table of Contents ;
---------------------
  1. Legal Notice
  2. Flow Summary
  3. Flow Settings
  4. Flow Non-Default Global Settings
  5. Flow Elapsed Time
  6. Flow OS Summary
  7. Flow Log



----------------
; Legal Notice ;
----------------
Copyright (C) 1991-2010 Altera Corporation
Your use of Altera Corporation's design tools, logic functions 
and other software and tools, and its AMPP partner logic 
functions, and any output files from any of the foregoing 
(including device programming or simulation files), and any 
associated documentation or information are expressly subject 
to the terms and conditions of the Altera Program License 
Subscription Agreement, Altera MegaCore Function License 
Agreement, or other applicable license agreement, including, 
without limitation, that your use is for the sole purpose of 
programming logic devices manufactured by Altera and sold by 
Altera or its authorized distributors.  Please refer to the 
applicable agreement for further details.



+------------------------------------------------------------------------------------+
; Flow Summary                                                                       ;
+------------------------------------+-----------------------------------------------+
; Flow Status                        ; Successful - Tue Jan 14 15:45:31 2020         ;
; Quartus II Version                 ; 9.1 Build 350 03/24/2010 SP 2 SJ Full Version ;
; Revision Name                      ; MAST_CTR                                      ;
; Top-level Entity Name              ; Top                                           ;
; Family                             ; Cyclone IV E                                  ;
; Device                             ; EP4CE22F17C6                                  ;
; Timing Models                      ; Preliminary                                   ;
; Met timing requirements            ; N/A                                           ;
; Total logic elements               ; 6,971                                         ;
;     Total combinational functions  ; 5,363                                         ;
;     Dedicated logic registers      ; 3,587                                         ;
; Total registers                    ; 3587                                          ;
; Total pins                         ; 47                                            ;
; Total virtual pins                 ; 0                                             ;
; Total memory bits                  ; 0                                             ;
; Embedded Multiplier 9-bit elements ; 0                                             ;
; Total PLLs                         ; 0                                             ;
+------------------------------------+-----------------------------------------------+


+-----------------------------------------+
; Flow Settings                           ;
+-------------------+---------------------+
; Option            ; Setting             ;
+-------------------+---------------------+
; Start date & time ; 01/14/2020 15:44:39 ;
; Main task         ; Compilation         ;
; Revision Name     ; MAST_CTR            ;
+-------------------+---------------------+


+-------------------------------------------------------------------------------------------------------------------------------------------------------------------------------+
; Flow Non-Default Global Settings                                                                                                                                              ;
+----------------------------------------+--------------------------------------------------------------------+---------------+-------------+-----------------------------------+
; Assignment Name                        ; Value                                                              ; Default Value ; Entity Name ; Section Id                        ;
+----------------------------------------+--------------------------------------------------------------------+---------------+-------------+-----------------------------------+
; COMPILER_SIGNATURE_ID                  ; 1050349480700.157898787902264                                      ; --            ; --          ; --                                ;
; EDA_BOARD_DESIGN_BOUNDARY_SCAN_TOOL    ; BSDL (Boundary Scan)                                               ; <None>        ; --          ; --                                ;
; EDA_BOARD_DESIGN_SIGNAL_INTEGRITY_TOOL ; HSPICE (Signal Integrity)                                          ; <None>        ; --          ; --                                ;
; EDA_BOARD_DESIGN_SYMBOL_TOOL           ; FPGA Xchange (Symbol)                                              ; <None>        ; --          ; --                                ;
; EDA_BOARD_DESIGN_TIMING_TOOL           ; Stamp (Timing)                                                     ; <None>        ; --          ; --                                ;
; EDA_DESIGN_ENTRY_SYNTHESIS_TOOL        ; Design Compiler                                                    ; <None>        ; --          ; --                                ;
; EDA_INPUT_DATA_FORMAT                  ; Edif                                                               ; --            ; --          ; eda_design_synthesis              ;
; EDA_INPUT_VCC_NAME                     ; Vdd                                                                ; --            ; --          ; eda_design_synthesis              ;
; EDA_LMF_FILE                           ; altsyn.lmf                                                         ; --            ; --          ; eda_design_synthesis              ;
; EDA_NETLIST_WRITER_OUTPUT_DIR          ; timing/custom                                                      ; --            ; --          ; eda_timing_analysis               ;
; EDA_OUTPUT_DATA_FORMAT                 ; Verilog Hdl                                                        ; --            ; --          ; eda_simulation                    ;
; EDA_OUTPUT_DATA_FORMAT                 ; Verilog Hdl                                                        ; --            ; --          ; eda_timing_analysis               ;
; EDA_OUTPUT_DATA_FORMAT                 ; Stamp                                                              ; --            ; --          ; eda_board_design_timing           ;
; EDA_OUTPUT_DATA_FORMAT                 ; Fpga Xchange                                                       ; --            ; --          ; eda_board_design_symbol           ;
; EDA_OUTPUT_DATA_FORMAT                 ; Hspice                                                             ; --            ; --          ; eda_board_design_signal_integrity ;
; EDA_OUTPUT_DATA_FORMAT                 ; Bsdl                                                               ; --            ; --          ; eda_board_design_boundary_scan    ;
; EDA_RESYNTHESIS_TOOL                   ; Synplify Premier                                                   ; <None>        ; --          ; --                                ;
; EDA_SIMULATION_TOOL                    ; Active-HDL (Verilog)                                               ; <None>        ; --          ; --                                ;
; EDA_TIME_SCALE                         ; 1 ps                                                               ; --            ; --          ; eda_simulation                    ;
; EDA_TIMING_ANALYSIS_TOOL               ; Custom Verilog HDL                                                 ; <None>        ; --          ; --                                ;
; MAX_CORE_JUNCTION_TEMP                 ; 85                                                                 ; --            ; --          ; --                                ;
; MIN_CORE_JUNCTION_TEMP                 ; 0                                                                  ; --            ; --          ; --                                ;
; MISC_FILE                              ; D:/Gowin_FPGA/MST_TEST/GoWin/src/MAST_CTR.dpf                      ; --            ; --          ; --                                ;
; MISC_FILE                              ; D:/Gowin_FPGA/MST_450kV/MST_TEST_450kV_V2.0/GoWin/src/MAST_CTR.dpf ; --            ; --          ; --                                ;
; NOMINAL_CORE_SUPPLY_VOLTAGE            ; 1.0V                                                               ; --            ; --          ; --                                ;
; PARTITION_COLOR                        ; 16764057                                                           ; --            ; Top         ; Top                               ;
; PARTITION_NETLIST_TYPE                 ; SOURCE                                                             ; --            ; Top         ; Top                               ;
; TOP_LEVEL_ENTITY                       ; Top                                                                ; MAST_CTR      ; --          ; --                                ;
; USE_GENERATED_PHYSICAL_CONSTRAINTS     ; Off                                                                ; --            ; --          ; eda_blast_fpga                    ;
+----------------------------------------+--------------------------------------------------------------------+---------------+-------------+-----------------------------------+


+--------------------------------------------------------------------------------------------------------------------------+
; Flow Elapsed Time                                                                                                        ;
+----------------------+--------------+-------------------------+---------------------+------------------------------------+
; Module Name          ; Elapsed Time ; Average Processors Used ; Peak Virtual Memory ; Total CPU Time (on all processors) ;
+----------------------+--------------+-------------------------+---------------------+------------------------------------+
; Analysis & Synthesis ; 00:00:53     ; 1.0                     ; 298 MB              ; 00:00:52                           ;
; Total                ; 00:00:53     ; --                      ; --                  ; 00:00:52                           ;
+----------------------+--------------+-------------------------+---------------------+------------------------------------+


+---------------------------------------------------------------------------------------+
; Flow OS Summary                                                                       ;
+----------------------+------------------+---------------+------------+----------------+
; Module Name          ; Machine Hostname ; OS Name       ; OS Version ; Processor type ;
+----------------------+------------------+---------------+------------+----------------+
; Analysis & Synthesis ; PC-20190706NSLZ  ; Windows Vista ; 6.1        ; x86_64         ;
+----------------------+------------------+---------------+------------+----------------+


------------
; Flow Log ;
------------
quartus_map --read_settings_files=on --write_settings_files=off MAST_CTRV_X4.31 -c MAST_CTR



